// Jest Snapshot v1, https://goo.gl/fbAQLP

exports[`Components/FilmCard Correct renderer the component 1`] = `
<article
  className="small-movie-card catalog__movies-card"
>
  <a>
    <video
      height="100%"
      muted={true}
      onMouseOut={[Function]}
      onMouseOver={[Function]}
      width="100%"
    />
  </a>
  <h3
    className="small-movie-card__title"
  >
    <a>
      Movie title
    </a>
  </h3>
</article>
`;
